         w __deregister_frame_info
         w __gnu_Unwind_Find_exidx
         w __register_frame_info
         w __syscall_tls_create
         w __syscall_tls_delete
         w __syscall_tls_get
         w __syscall_tls_set
         w userAppExit
         w userAppInit
00000000 b _TLS_MODULE_BASE_
00000000 00000802 B __ctru_dev_utf16_buf
00000000 A __sync_synchronize
00000000 a shift
00000000 a shift
00000804 00000401 B __ctru_dev_path_buf
00100000 A __start__
00100000 T _start
00100008 T __service_ptr
0010000c T __apt_appid
00100010 T __heap_size
00100014 T __linear_heap_size
00100018 T __system_arglist
0010001c T __system_runflags
00100020 t startup
00100058 t ClearMem
0010006c t ClrLoop
00100094 T _init
001000ac T __aeabi_idiv
001000ac 00000220 T __divsi3
001000b4 t .divsi3_skip_div0_test
001002cc 00000020 T __aeabi_idivmod
001002ec 00000004 W __aeabi_idiv0
001002ec 00000004 W __aeabi_ldiv0
001002f0 T __aeabi_ldivmod
001003c4 T __aeabi_uldivmod
00100400 00000014 T __restore_core_regs
00100400 00000014 T restore_core_regs
00100414 T __gnu_Unwind_Restore_VFP
0010041c T __gnu_Unwind_Save_VFP
00100424 T __gnu_Unwind_Restore_VFP_D
0010042c T __gnu_Unwind_Save_VFP_D
00100434 T __gnu_Unwind_Restore_VFP_D_16_to_31
0010043c T __gnu_Unwind_Save_VFP_D_16_to_31
00100444 T __gnu_Unwind_Restore_WMMXD
00100488 T __gnu_Unwind_Save_WMMXD
001004cc T __gnu_Unwind_Restore_WMMXC
001004e0 T __gnu_Unwind_Save_WMMXC
001004f4 00000024 T _Unwind_RaiseException
001004f4 00000024 T ___Unwind_RaiseException
00100518 00000024 T _Unwind_Resume
00100518 00000024 T ___Unwind_Resume
0010053c 00000024 T _Unwind_Resume_or_Rethrow
0010053c 00000024 T ___Unwind_Resume_or_Rethrow
00100560 00000024 T _Unwind_ForcedUnwind
00100560 00000024 T ___Unwind_ForcedUnwind
00100584 00000024 T _Unwind_Backtrace
00100584 00000024 T ___Unwind_Backtrace
001005c8 00000390 T strcmp
00100950 t .udivsi3_skip_div0_test
00100950 T __aeabi_uidiv
00100950 000001ec T __udivsi3
00100b3c 00000020 T __aeabi_uidivmod
00100b5c T __aeabi_drsub
00100b64 000002b0 T __aeabi_dsub
00100b64 000002b0 T __subdf3
00100b68 000002ac T __adddf3
00100b68 000002ac T __aeabi_dadd
00100e14 00000024 T __aeabi_ui2d
00100e14 00000024 T __floatunsidf
00100e38 00000028 T __aeabi_i2d
00100e38 00000028 T __floatsidf
00100e60 00000048 T __aeabi_f2d
00100e60 00000048 T __extendsfdf2
00100ea8 00000074 T __aeabi_ul2d
00100ea8 00000074 T __floatundidf
00100ebc 00000060 T __aeabi_l2d
00100ebc 00000060 T __floatdidf
00100f1c t __do_global_dtors_aux
00100f6c t frame_dummy
00100f98 000003a4 t sha256(std::vector<unsigned char, std::allocator<unsigned char> > const&) [clone .isra.0]
0010133c 00000094 t void std::__cxx11::basic_string<char, std::char_traits<char>, std::allocator<char> >::_M_construct<char const*>(char const*, char const*, std::forward_iterator_tag) [clone .isra.0]
001013d0 000000a8 t std::__cxx11::basic_string<char, std::char_traits<char>, std::allocator<char> >::basic_string<std::allocator<char> >(char const*, std::allocator<char> const&) [clone .constprop.0] [clone .isra.0]
00101478 000000e4 t unsigned char& std::vector<unsigned char, std::allocator<unsigned char> >::emplace_back<unsigned char>(unsigned char&&) [clone .isra.0]
0010155c 00000218 t void std::vector<unsigned char, std::allocator<unsigned char> >::_M_range_insert<__gnu_cxx::__normal_iterator<char const*, std::__cxx11::basic_string<char, std::char_traits<char>, std::allocator<char> > > >(__gnu_cxx::__normal_iterator<unsigned char*, std::vector<unsigned char, std::allocator<unsigned char> > >, __gnu_cxx::__normal_iterator<char const*, std::__cxx11::basic_string<char, std::char_traits<char>, std::allocator<char> > >, __gnu_cxx::__normal_iterator<char const*, std::__cxx11::basic_string<char, std::char_traits<char>, std::allocator<char> > >, std::forward_iterator_tag) [clone .isra.0]
00101774 00000110 t std::_Rb_tree<std::__cxx11::basic_string<char, std::char_traits<char>, std::allocator<char> >, std::pair<std::__cxx11::basic_string<char, std::char_traits<char>, std::allocator<char> > const, sb::Entry>, std::_Select1st<std::pair<std::__cxx11::basic_string<char, std::char_traits<char>, std::allocator<char> > const, sb::Entry> >, std::less<std::__cxx11::basic_string<char, std::char_traits<char>, std::allocator<char> > >, std::allocator<std::pair<std::__cxx11::basic_string<char, std::char_traits<char>, std::allocator<char> > const, sb::Entry> > >::_M_get_insert_unique_pos(std::__cxx11::basic_string<char, std::char_traits<char>, std::allocator<char> > const&) [clone .isra.0]
00101884 00000068 t std::_Rb_tree<std::__cxx11::basic_string<char, std::char_traits<char>, std::allocator<char> >, std::pair<std::__cxx11::basic_string<char, std::char_traits<char>, std::allocator<char> > const, sb::Entry>, std::_Select1st<std::pair<std::__cxx11::basic_string<char, std::char_traits<char>, std::allocator<char> > const, sb::Entry> >, std::less<std::__cxx11::basic_string<char, std::char_traits<char>, std::allocator<char> > >, std::allocator<std::pair<std::__cxx11::basic_string<char, std::char_traits<char>, std::allocator<char> > const, sb::Entry> > >::_M_erase(std::_Rb_tree_node<std::pair<std::__cxx11::basic_string<char, std::char_traits<char>, std::allocator<char> > const, sb::Entry> >*) [clone .isra.0]
001018ec 000000a0 t secure(Game) [clone .part.0] [clone .isra.0]
0010198c 0000004c W sb::need(bool, char const*)
001019d8 000001f4 W sb::path(std::__cxx11::basic_string<char, std::char_traits<char>, std::allocator<char> > const&)
00101bcc 00000064 T check(long, char const*)
00101c30 000000bc T label[abi:cxx11](unsigned long long)
00101cec 00000508 T prefix[abi:cxx11](Game)
001021f4 00000350 T gameName[abi:cxx11](Game)
00102544 00000158 T transfer(int, void*, unsigned int, bool)
0010269c 00000040 W std::_Vector_base<unsigned char, std::allocator<unsigned char> >::~_Vector_base()
0010269c 00000040 W std::_Vector_base<unsigned char, std::allocator<unsigned char> >::~_Vector_base()
001026dc 00000110 T reply(int, unsigned long, std::vector<unsigned char, std::allocator<unsigned char> >)
001027ec 00000230 t sb::read(std::__cxx11::basic_string<char, std::char_traits<char>, std::allocator<char> > const&) [clone .isra.0]
00102a1c 00000178 W sb::write(std::__cxx11::basic_string<char, std::char_traits<char>, std::allocator<char> > const&, std::vector<unsigned char, std::allocator<unsigned char> > const&)
00102b94 000000a8 W void std::__cxx11::basic_string<char, std::char_traits<char>, std::allocator<char> >::_M_construct<true>(char const*, unsigned int)
00102c3c 00000154 W void std::vector<Game, std::allocator<Game> >::_M_realloc_append<Game const&>(Game const&)
00102d90 00000414 T enumerate()
001031a4 000003d4 W std::_Rb_tree_iterator<std::pair<std::__cxx11::basic_string<char, std::char_traits<char>, std::allocator<char> > const, sb::Entry> > std::_Rb_tree<std::__cxx11::basic_string<char, std::char_traits<char>, std::allocator<char> >, std::pair<std::__cxx11::basic_string<char, std::char_traits<char>, std::allocator<char> > const, sb::Entry>, std::_Select1st<std::pair<std::__cxx11::basic_string<char, std::char_traits<char>, std::allocator<char> > const, sb::Entry> >, std::less<std::__cxx11::basic_string<char, std::char_traits<char>, std::allocator<char> > >, std::allocator<std::pair<std::__cxx11::basic_string<char, std::char_traits<char>, std::allocator<char> > const, sb::Entry> > >::_M_emplace_hint_unique<std::__cxx11::basic_string<char, std::char_traits<char>, std::allocator<char> >&, sb::Entry>(std::_Rb_tree_const_iterator<std::pair<std::__cxx11::basic_string<char, std::char_traits<char>, std::allocator<char> > const, sb::Entry> >, std::__cxx11::basic_string<char, std::char_traits<char>, std::allocator<char> >&, sb::Entry&&)
00103578 000007b8 W sb::decode[abi:cxx11](std::vector<unsigned char, std::allocator<unsigned char> > const&)
00103d30 00000338 W sb::install(std::__cxx11::basic_string<char, std::char_traits<char>, std::allocator<char> > const&, std::vector<unsigned char, std::allocator<unsigned char> > const&)
00104068 00000978 W sb::scan(std::__cxx11::basic_string<char, std::char_traits<char>, std::allocator<char> > const&, std::__cxx11::basic_string<char, std::char_traits<char>, std::allocator<char> > const&, std::map<std::__cxx11::basic_string<char, std::char_traits<char>, std::allocator<char> >, sb::Entry, std::less<std::__cxx11::basic_string<char, std::char_traits<char>, std::allocator<char> > >, std::allocator<std::pair<std::__cxx11::basic_string<char, std::char_traits<char>, std::allocator<char> > const, sb::Entry> > >&, unsigned int&)
001049e0 0000027c W sb::clear(std::__cxx11::basic_string<char, std::char_traits<char>, std::allocator<char> > const&)
00104c5c 00000380 W sb::snapshot(std::__cxx11::basic_string<char, std::char_traits<char>, std::allocator<char> > const&)
00104fdc 00000710 T recover(Game)
001056ec 00001138 T restore(Game, std::vector<unsigned char, std::allocator<unsigned char> > const&, std::array<unsigned char, 32u> const&)
00106824 00000cd4 T client(int)
001074f8 00000acc T main
00107fc4 000000a8 t _GLOBAL__sub_I_catalog
0010806c 00000098 t _GLOBAL__sub_D_catalog
00108104 00000024 t error_cmp
00108128 00000050 t archive_translate_error
00108178 000000c0 t archive_seek
00108238 00000078 t _archiveInit.part.0
001082b0 00000110 t archiveFindDevice.part.0
001083c0 00000298 t archive_utf16path
00108658 00000098 t _archiveUnmountDeviceStruct.part.0
001086f0 00000178 t _archiveMountDevice
00108868 000000f8 t archive_diropen
00108960 000000ac t archive_fstat
00108a0c 00000074 t archive_fsync
00108a80 00000074 t archive_close
00108af4 00000078 t archive_dirclose
00108b6c 000000ec t sdmc_statvfs
00108c58 000000f8 t archive_chdir
00108d50 0000008c t archive_ftruncate
00108ddc 000000bc t archive_read
00108e98 000000a8 t archive_unlink
00108f40 000000c0 t archive_rmdir
00109000 000000d8 t archive_mkdir
001090d8 000001a0 t archive_stat
00109278 00000164 t archive_dirnext
001093dc 0000013c t archive_write
00109518 00000254 t archive_open
0010976c 00000270 t archive_rename
001099dc 000000a0 T archiveMount
00109a7c 000001c8 T archiveMountSdmc
00109c44 0000005c T archiveCommitSaveData
00109ca0 00000054 T archiveUnmount
00109cf4 00000054 T archiveUnmountAll
00109d48 000001c8 T consoleDrawChar
00109f10 00000170 T consolePrintChar
0010a080 00000cc8 T con_write
0010ad48 000000fc t newRow
0010ae44 00000180 T consoleInit
0010afc4 000000cc t gfxPresentFramebuffer
0010b090 0000001c T gfxIsWide
0010b0ac 000000f8 T gfxSetScreenFormat
0010b1a4 00000010 T gfxSetDoubleBuffering
0010b1b4 000000d8 T gfxInit
0010b28c 00000010 T gfxInitDefault
0010b29c 000000b8 T gfxExit
0010b354 000000a0 T gfxGetFramebuffer
0010b3f4 00000100 T gfxFlushBuffers
0010b4f4 00000050 T gfxSwapBuffers
0010b544 00000050 T gfxSwapBuffersGpu
0010b594 00000054 T osGetTimeRef
0010b5e8 000000ec T osGetTime
0010b6d4 00000034 T __ctru_speedup_config
0010b708 00000090 T acInit
0010b798 0000003c T acExit
0010b7d4 000000a8 T amInit
0010b87c 0000003c T amExit
0010b8b8 00000058 T AM_GetTitleCount
0010b910 0000005c T AM_GetTitleList
0010b96c 00000180 t aptConvertScreenForCapture
0010baec 00000008 W aptDspSleep
0010baf4 00000004 W aptDspWakeup
0010baf8 00000004 W aptDspCancel
0010bafc 00000138 T aptSendCommand
0010bc38 00000044 t aptExitProcess
0010bc7c 00000394 T aptExit
0010c010 000000d8 T aptHandleSleep
0010c0e8 00000084 T APT_SleepIfShellClosed
0010c16c 00000078 T aptSetSleepAllowed
0010c1e4 00000084 T APT_UnlockTransition
0010c268 00000470 t aptEventHandler
0010c6d8 000000bc T APT_ReceiveParameter
0010c794 000000b0 t aptReceiveParameter.constprop.0
0010c848 00000294 t aptScreenTransfer
0010cadc 000002d0 t aptWaitForWakeUp.isra.0
0010cdac 000000f4 T aptJumpToHomeMenu
0010cea0 00000058 T aptMainLoop
0010cef8 00000240 T aptInit
0010d138 00000090 T APT_CheckNew3DS
0010d1c8 00000104 T fsInit
0010d2cc 0000003c T fsExit
0010d308 00000068 T fsExemptFromSession
0010d370 00000050 T fsUnexemptFromSession
0010d3c0 000000cc T FSUSER_OpenFile
0010d48c 000000cc T FSUSER_OpenFileDirectly
0010d558 000000b8 T FSUSER_DeleteFile
0010d610 000000f4 T FSUSER_RenameFile
0010d704 000000b8 T FSUSER_DeleteDirectory
0010d7bc 000000d0 T FSUSER_CreateFile
0010d88c 000000c0 T FSUSER_CreateDirectory
0010d94c 000000f4 T FSUSER_RenameDirectory
0010da40 000000b4 T FSUSER_OpenDirectory
0010daf4 00000090 T FSUSER_OpenArchive
0010db84 000000c0 T FSUSER_ControlArchive
0010dc44 0000008c T FSUSER_CloseArchive
0010dcd0 00000074 T FSUSER_GetSdmcArchiveResource
0010dd44 00000064 T FSUSER_IsSdmcWritable
0010dda8 00000074 T FSUSER_ControlSecureSave
0010de1c 00000064 T FSFILE_Read
0010de80 0000006c T FSFILE_Write
0010deec 00000044 T FSFILE_GetSize
0010df30 00000028 T FSFILE_SetSize
0010df58 0000003c T FSFILE_Close
0010df94 00000024 T FSFILE_Flush
0010dfb8 00000060 T FSDIR_Read
0010e018 0000003c T FSDIR_Close
0010e054 00000c70 t gspHardwareInit
0010ecc4 00000288 T gspInit
0010ef4c 00000104 T gspExit
0010f050 00000010 T gspHasGpuRight
0010f060 000000a4 T gspPresentBuffer
0010f104 00000050 T gspWaitForEvent
0010f154 00000004 W gxCmdQueueInterrupt
0010f158 00000154 t gspEventThreadMain
0010f2ac 00000050 T GSPGPU_FlushDataCache
0010f2fc 00000034 T GSPGPU_SetLcdForceBlack
0010f330 00000084 T GSPGPU_AcquireRight
0010f3b4 00000064 T GSPGPU_ReleaseRight
0010f418 0000007c T GSPGPU_ImportDisplayCaptureInfo
0010f494 0000002c T GSPGPU_SaveVramSysArea
0010f4c0 0000002c T GSPGPU_RestoreVramSysArea
0010f4ec 00000024 W hidShouldUseIrrst
0010f510 000001cc T hidInit
0010f6dc 000000e8 T hidExit
0010f7c4 000002a0 T hidScanInput
0010fa64 00000010 T hidKeysDown
0010fa74 000001a4 T irrstInit
0010fc18 000000dc T irrstExit
0010fcf4 000000b4 T irrstScanInput
0010fda8 00000024 T irrstKeysHeld
0010fdcc 000000a8 T psInit
0010fe74 0000005c T psExit
0010fed0 00000048 T PS_GenerateRandomBytes
0010ff18 00000078 T ptmSysmInit
0010ff90 0000003c T ptmSysmExit
0010ffcc 00000034 T PTMSYSM_ConfigureNew3DSCPU
00110000 000001e8 T accept
001101e8 00000174 T bind
0011035c 0000003c T _net_convert_error
00110398 00000050 T gethostid
001103e8 000000e8 T inet_ntoa
001104d0 00000034 t soc_read
00110504 00000034 t soc_write
00110538 000000b0 t soc_close
001105e8 00000190 T socInit
00110778 00000088 T socExit
00110800 00000108 T listen
00110908 00000248 T poll
00110b50 00000020 T recv
00110b70 00000148 T socuipc_cmd7
00110cb8 00000168 T socuipc_cmd8
00110e20 00000010 T soc_recvfrom
00110e30 000000a4 T recvfrom
00110ed4 00000020 T send
00110ef4 0000015c T socuipc_cmd9
00111050 00000160 T socuipc_cmda
001111b0 00000010 T soc_sendto
001111c0 000000a4 T sendto
00111264 0000016c T socket
001113d0 00000140 T decode_utf8
00111510 000000e8 T utf16_to_utf8
001115f8 000000c0 T utf8_to_utf16
001116b8 00000038 W __libctru_init
001116f0 0000016c W __system_initArgv
0011185c 00000030 T __syscall_getreent
0011188c 00000004 T __syscall_lock_acquire
00111890 00000004 T __syscall_lock_release
00111894 00000004 T __syscall_lock_acquire_recursive
00111898 00000004 T __syscall_lock_release_recursive
0011189c 00000004 T __syscall_exit
001118a0 00000054 T initThreadVars
001118f4 00000080 T __system_initSyscalls
00111974 T svcControlMemory
00111994 T svcQueryMemory
001119c4 T svcExitProcess
001119cc T svcCreateThread
001119ec T svcExitThread
001119f4 T svcSleepThread
001119fc T svcReleaseMutex
00111a04 T svcCreateEvent
00111a18 T svcSignalEvent
00111a20 T svcClearEvent
00111a28 T svcCreateMemoryBlock
00111a40 T svcMapMemoryBlock
00111a48 T svcUnmapMemoryBlock
00111a50 T svcCreateAddressArbiter
00111a64 T svcArbitrateAddressNoTimeout
00111a6c T svcCloseHandle
00111a74 T svcWaitSynchronization
00111a7c T svcWaitSynchronizationN
00111aa4 T svcDuplicateHandle
00111ab8 T svcGetSystemTick
00111ac0 T svcConnectToPort
00111ad4 T svcSendSyncRequest
00111adc T svcGetResourceLimit
00111af0 T svcGetResourceLimitLimitValues
00111af8 T svcGetResourceLimitCurrentValues
00111b00 T svcBreak
00111b08 T __aeabi_read_tp
00111b14 W initSystem
00111b64 W __ctru_exit
00111b78 00000024 t addrMapNodeComparator(rbtree_node const*, rbtree_node const*)
00111b9c 00000004 t addrMapNodeDestructor(rbtree_node*)
00111ba0 0000012c T linearMemAlign
00111ccc 00000008 T linearAlloc
00111cd4 0000005c T linearFree
00111d30 00000088 T MemPool::CoalesceRight(MemBlock*)
00111db8 00000178 T MemPool::Allocate(MemChunk&, unsigned long, int)
00111f30 00000118 T MemPool::Deallocate(MemChunk const&)
00112048 00000030 T MemPool::GetFreeSpace()
00112078 00000024 t addrMapNodeComparator(rbtree_node const*, rbtree_node const*)
0011209c 00000004 t addrMapNodeDestructor(rbtree_node*)
001120a0 00000248 T vramMemAlignAt
001122e8 0000000c T vramAlloc
001122f4 00000094 T vramFree
00112388 0000008c W envGetHandle
00112414 00000050 W envDestroyHandles
00112464 00000164 T srvInit
001125c8 00000064 T srvExit
0011262c 00000060 T srvEnableNotification
0011268c 000000a0 T srvGetServiceHandleDirect
0011272c 00000048 T srvGetServiceHandle
00112774 00000034 T srvSubscribe
001127a8 00000060 T srvReceiveNotification
00112808 00000038 T srvPublishToSubscriber
00112840 0000000c T __sync_init
0011284c 00000018 T __sync_fini
00112864 00000028 T syncArbitrateAddress
0011288c 000000ac T LightLock_Lock
00112938 00000040 T LightLock_Unlock
00112978 00000054 T RecursiveLock_Lock
001129cc 00000054 T RecursiveLock_Unlock
00112a20 00000044 T LightEvent_Init
00112a64 000000b8 T LightEvent_Clear
00112b1c 000000dc T LightEvent_Signal
00112bf8 00000050 T LightEvent_TryWait
00112c48 000000ac T LightEvent_Wait
00112cf4 000001fc T threadCreate
00112ef0 00000038 T threadFree
00112f28 00000024 T threadJoin
00112f4c 00000030 T threadGetCurrent
00112f7c 00000040 T threadExit
00112fbc 00000020 t _thread_begin
00112fdc 00000090 t mappableFindAddressWithin
0011306c 00000028 T mappableInit
00113094 0000007c T mappableAlloc
00113110 00000004 T mappableFree
00113114 0000000c T srvPmGetSessionHandle
00113120 00000074 T rbtree_find
00113194 00000010 T rbtree_init
001131a4 00000198 t do_insert
0011333c 00000008 T rbtree_insert
00113344 00000310 T rbtree_remove
00113654 00000090 T rbtree_rotate
001136e4 00000054 T decode_utf16
00113738 00000054 T encode_utf16
0011378c 000000e0 T encode_utf8
00113870 000001e8 W __system_allocateHeaps
00113a58 00000030 W __appExit
00113a88 00000030 W __appInit
00113ab8 00000090 W __libctru_exit
00113b48 00000060 T rbtree_node_next
00113ba8 00000014 T __cxxabiv1::__class_type_info::__do_find_public_src(int, void const*, __cxxabiv1::__class_type_info const*, void const*) const
00113bbc 00000020 T __cxxabiv1::__class_type_info::~__class_type_info()
00113bbc 00000020 T __cxxabiv1::__class_type_info::~__class_type_info()
00113bdc 0000002c T __cxxabiv1::__class_type_info::~__class_type_info()
00113c08 00000084 T __cxxabiv1::__class_type_info::__do_dyncast(int, __cxxabiv1::__class_type_info::__sub_kind, __cxxabiv1::__class_type_info const*, void const*, __cxxabiv1::__class_type_info const*, void const*, __cxxabiv1::__class_type_info::__dyncast_result&) const
00113c8c 00000038 T __cxxabiv1::__class_type_info::__do_upcast(__cxxabiv1::__class_type_info const*, void const*, __cxxabiv1::__class_type_info::__upcast_result&) const
00113cc4 00000090 T __cxxabiv1::__class_type_info::__do_upcast(__cxxabiv1::__class_type_info const*, void**) const
00113d54 0000005c T __cxxabiv1::__class_type_info::__do_catch(std::type_info const*, void**, unsigned int) const
00113db0 00000004 T operator delete(void*, unsigned int)
00113db4 0000000c W __gnu_cxx::__concurrence_lock_error::what() const
00113dc0 0000000c W __gnu_cxx::__concurrence_unlock_error::what() const
00113dcc 00000020 W __gnu_cxx::__concurrence_lock_error::~__concurrence_lock_error()
00113dcc 00000020 W __gnu_cxx::__concurrence_lock_error::~__concurrence_lock_error()
00113dec 0000002c W __gnu_cxx::__concurrence_lock_error::~__concurrence_lock_error()
00113e18 00000020 W __gnu_cxx::__concurrence_unlock_error::~__concurrence_unlock_error()
00113e18 00000020 W __gnu_cxx::__concurrence_unlock_error::~__concurrence_unlock_error()
00113e38 0000002c W __gnu_cxx::__concurrence_unlock_error::~__concurrence_unlock_error()
00113e64 0000002c W __gnu_cxx::__throw_concurrence_lock_error()
00113e90 0000002c W __gnu_cxx::__throw_concurrence_unlock_error()
00113ebc 000000f4 t (anonymous namespace)::pool::free(void*) [clone .constprop.0]
00113fb0 000000b8 t (anonymous namespace)::pool::allocate(unsigned int) [clone .constprop.0]
00114068 00000044 T __cxa_allocate_exception
001140ac 00000028 T __cxa_free_exception
001140d4 000001a0 t _GLOBAL__sub_I__ZN9__gnu_cxx9__freeresEv
00114274 00000018 t _GLOBAL__sub_D__ZN9__gnu_cxx9__freeresEv
0011428c T __cxa_end_cleanup
0011429c 00000138 T __cxa_type_match
001143d4 000000b4 T __cxa_begin_cleanup
00114488 000000b0 T __gnu_end_cleanup
00114538 000000e0 T __cxa_begin_catch
00114618 000000e0 T __cxa_end_catch
001146f8 00000004 T std::exception::~exception()
001146f8 00000004 T std::exception::~exception()
001146fc 00000004 T std::bad_exception::~bad_exception()
001146fc 00000004 T std::bad_exception::~bad_exception()
00114700 0000000c T transaction clone for std::bad_exception::what() const
00114700 0000000c T std::bad_exception::what() const
0011470c 00000020 T std::bad_exception::~bad_exception()
0011472c 00000038 t eh_globals_dtor(void*)
00114764 00000038 T __cxa_get_globals_fast
0011479c 00000090 T __cxa_get_globals
0011482c 00000030 t _GLOBAL__sub_I__ZN17__eh_globals_init7_S_initE
0011485c 00000034 t _GLOBAL__sub_D__ZN17__eh_globals_init7_S_initE
00114890 00000150 t read_encoded_value_with_base(unsigned char, unsigned int, unsigned char const*, unsigned int*)
001149e0 00000058 t base_of_encoded_value(unsigned char, _Unwind_Context*)
00114a38 000000f0 t parse_lsda_header(_Unwind_Context*, unsigned char const*, lsda_header_info*)
00114b28 0000074c T __gxx_personality_v0
00115274 00000014 T __cxxabiv1::__terminate(void (*)())
00115288 00000018 T std::terminate()
001152a0 0000000c T __cxxabiv1::__unexpected(void (*)())
001152ac 00000018 T std::unexpected()
001152c4 00000014 T std::get_terminate()
001152d8 00000014 T std::get_unexpected()
001152ec 00000070 t __gxx_exception_cleanup(_Unwind_Reason_Code, _Unwind_Control_Block*)
0011535c 00000080 T __cxa_throw
001153dc 000000b0 T __cxa_rethrow
0011548c 0000005c T operator new(unsigned int)
001154e8 00000020 T __cxxabiv1::__si_class_type_info::~__si_class_type_info()
001154e8 00000020 T __cxxabiv1::__si_class_type_info::~__si_class_type_info()
00115508 0000002c T __cxxabiv1::__si_class_type_info::~__si_class_type_info()
00115534 0000006c T __cxxabiv1::__si_class_type_info::__do_find_public_src(int, void const*, __cxxabiv1::__class_type_info const*, void const*) const
001155a0 000000e4 T __cxxabiv1::__si_class_type_info::__do_dyncast(int, __cxxabiv1::__class_type_info::__sub_kind, __cxxabiv1::__class_type_info const*, void const*, __cxxabiv1::__class_type_info const*, void const*, __cxxabiv1::__class_type_info::__dyncast_result&) const
00115684 00000044 T __cxxabiv1::__si_class_type_info::__do_upcast(__cxxabiv1::__class_type_info const*, void const*, __cxxabiv1::__class_type_info::__upcast_result&) const
001156c8 00000004 T std::type_info::~type_info()
001156c8 00000004 T std::type_info::~type_info()
001156cc 00000008 T std::type_info::__is_pointer_p() const
001156cc 00000008 T std::type_info::__is_function_p() const
001156d4 0000004c T std::type_info::__equal(std::type_info const&) const
001156d4 0000004c T std::type_info::operator==(std::type_info const&) const
00115720 00000008 T std::logic_error::what() const
00115720 00000008 T std::runtime_error::what() const
00115728 00000078 T std::logic_error::~logic_error()
00115728 00000078 T std::logic_error::~logic_error()
001157a0 00000078 T std::runtime_error::~runtime_error()
001157a0 00000078 T std::runtime_error::~runtime_error()
00115818 00000080 T std::runtime_error::~runtime_error()
00115898 00000078 T std::length_error::~length_error()
00115898 00000078 T std::length_error::~length_error()
00115910 00000078 T std::out_of_range::~out_of_range()
00115910 00000078 T std::out_of_range::~out_of_range()
00115988 00000080 T std::logic_error::~logic_error()
00115a08 00000080 T std::length_error::~length_error()
00115a88 00000080 T std::out_of_range::~out_of_range()
00115b08 0000005c T std::_Rb_tree_increment(std::_Rb_tree_node_base*)
00115b64 00000070 T std::_Rb_tree_decrement(std::_Rb_tree_node_base*)
00115bd4 00000294 T std::_Rb_tree_insert_and_rebalance(bool, std::_Rb_tree_node_base*, std::_Rb_tree_node_base*, std::_Rb_tree_node_base&)
00115e68 000000dc T std::logic_error::logic_error(char const*)
00115e68 000000dc T std::logic_error::logic_error(char const*)
00115f44 00000020 T std::length_error::length_error(char const*)
00115f44 00000020 T std::length_error::length_error(char const*)
00115f64 00000020 T std::out_of_range::out_of_range(char const*)
00115f64 00000020 T std::out_of_range::out_of_range(char const*)
00115f84 000000dc T std::runtime_error::runtime_error(char const*)
00115f84 000000dc T std::runtime_error::runtime_error(char const*)
00116060 00000088 W std::string::_Rep::_S_create(unsigned int, unsigned int, std::allocator<char> const&)
001160e8 00000004 W std::string::_Rep::_M_destroy(std::allocator<char> const&)
001160ec 00000040 T std::__throw_logic_error(char const*)
0011612c 00000040 T std::__throw_length_error(char const*)
0011616c 00000040 T std::__throw_out_of_range(char const*)
001161ac 00000010 T std::__throw_out_of_range_fmt(char const*, ...)
001161bc 00000054 W std::__cxx11::basic_string<char, std::char_traits<char>, std::allocator<char> >::_M_create(unsigned int&, unsigned int)
00116210 00000014 W std::__cxx11::basic_string<char, std::char_traits<char>, std::allocator<char> >::_M_dispose()
00116224 000000c8 W std::__cxx11::basic_string<char, std::char_traits<char>, std::allocator<char> >::_M_assign(std::__cxx11::basic_string<char, std::char_traits<char>, std::allocator<char> > const&)
001162ec 00000104 W std::__cxx11::basic_string<char, std::char_traits<char>, std::allocator<char> >::_M_mutate(unsigned int, unsigned int, char const*, unsigned int)
001163f0 00000098 W std::__cxx11::basic_string<char, std::char_traits<char>, std::allocator<char> >::reserve(unsigned int)
00116488 00000140 W std::__cxx11::basic_string<char, std::char_traits<char>, std::allocator<char> >::_M_replace_cold(char*, unsigned int, char const*, unsigned int, unsigned int)
001165c8 00000130 W std::__cxx11::basic_string<char, std::char_traits<char>, std::allocator<char> >::_M_replace(unsigned int, unsigned int, char const*, unsigned int)
001166f8 00000090 W std::__cxx11::basic_string<char, std::char_traits<char>, std::allocator<char> >::_M_append(char const*, unsigned int)
00116788 00000044 W std::__cxx11::basic_string<char, std::char_traits<char>, std::allocator<char> >::find(char, unsigned int) const
001167cc 00000048 W std::__cxx11::basic_string<char, std::char_traits<char>, std::allocator<char> >::rfind(char, unsigned int) const
00116814 0000000c T std::bad_alloc::what() const
00116820 00000020 T std::bad_alloc::~bad_alloc()
00116820 00000020 T std::bad_alloc::~bad_alloc()
00116840 0000002c T std::bad_alloc::~bad_alloc()
0011686c 00000004 T operator delete(void*)
00116870 00000070 t __cxxabiv1::__is_gxx_exception_class(char*)
001168e0 0000002c T __cxa_call_terminate
0011690c 0000014c T __cxa_call_unexpected
00116a58 00000014 T std::get_new_handler()
00116a6c 0000002c T __aeabi_d2lz
00116a6c 0000002c T __fixdfdi
00116a98 00000040 T __aeabi_d2ulz
00116a98 00000040 T __fixunsdfdi
00116ad8 00000130 T __udivmoddi4
00116c08 00000018 t selfrel_offset31
00116c20 00000090 t search_EIT_table
00116cb0 00000040 t __gnu_unwind_get_pr_addr
00116cf0 00000110 t get_eit_entry
00116e00 00000088 t restore_non_core_regs
00116e88 00000014 t _Unwind_decode_typeinfo_ptr.constprop.0
00116e9c 00000004 t _Unwind_DebugHook
00116ea0 00000064 t unwind_phase2
00116f04 0000013c t unwind_phase2_forced
00117040 000000a4 T __gnu_Unwind_RaiseException
001170e4 00000020 T __gnu_Unwind_ForcedUnwind
00117104 00000074 T __gnu_Unwind_Resume
00117178 00000020 T __gnu_Unwind_Resume_or_Rethrow
00117198 00000004 T _Unwind_Complete
0011719c 00000018 T _Unwind_DeleteException
001171b4 0000007c T _Unwind_VRS_Get
00117230 0000002c t _Unwind_GetGR
0011725c 0000007c T _Unwind_VRS_Set
001172d8 0000002c t _Unwind_SetGR
00117304 000000c0 T __gnu_Unwind_Backtrace
001173c4 00000404 t __gnu_unwind_pr_common
001177c8 00000008 T __aeabi_unwind_cpp_pr0
001177d0 00000008 W __aeabi_unwind_cpp_pr1
001177d8 00000008 W __aeabi_unwind_cpp_pr2
001177e0 00000454 T _Unwind_VRS_Pop
00117c34 00000064 t next_unwind_byte
00117c98 0000002c t _Unwind_GetGR.constprop.0
00117cc4 00000004 t unwind_UCB_from_context
00117cc8 0000046c T __gnu_unwind_execute
00118134 00000048 T __gnu_unwind_frame
0011817c 00000010 T _Unwind_GetRegionStart
0011818c 0000001c T _Unwind_GetLanguageSpecificData
001181a8 00000008 T _Unwind_GetDataRelBase
001181b0 00000008 T _Unwind_GetTextRelBase
001181b8 000000e4 T strncat
0011829c 00000024 T getenv
001182c0 00000078 T sscanf
00118338 00000128 T memcpy
00118460 0000008c T strlen
001184ec 00000334 T _fread_r
00118820 00000038 T fread
00118858 00000078 T bsearch
001188d0 00000050 t get_arg
00118920 00002b88 T __ssvfscanf_r
0011b4a8 00000134 T _fopen_r
0011b5dc 00000028 T fopen
0011b604 00000060 t sulp
0011b668 00001428 T _strtod_l
0011ca90 00000044 T _strtod_r
0011cad4 00000020 T close
0011caf4 00000028 T memalign
0011cb1c 00000264 t _strtoull_l.isra.0
0011cd80 00000038 T _strtoull_r
0011cdb8 000000f4 t rshift
0011ceac 000008b4 T __gethex
0011d760 000000a0 T snprintf
0011d800 00000034 T printf
0011d834 000001ec t _strtoul_l.isra.0
0011da20 00000038 T _strtoul_r
0011da58 0000003c T strtoul
0011da94 000000c4 T _mbrtowc_r
0011db58 00000140 T strchr
0011dc98 000000d8 T memcmp
0011dd70 000000f8 T __sccl
0011de68 0000016c T _memalign_r
0011dfd4 0000000c T __errno
0011dfe0 00000014 T abort
0011dff4 00000164 T __smakebuf_r
0011e158 00000090 T __swhatbuf_r
0011e1e8 0000047c t _strtoll_l.isra.0
0011e664 00000038 T _strtoll_r
0011e69c 00000024 T __locale_mb_cur_max
0011e6c0 000000e4 T memset
0011e7a4 0000022c T __sflush_r
0011e9d0 000000c4 T _fflush_r
0011ea94 00000044 T fflush
0011ead8 00000104 T _fwrite_r
0011ebdc 00000038 T fwrite
0011ec14 00000028 T realloc
0011ec3c 0000082c T _malloc_r
0011f468 00000114 T _malloc_trim_r
0011f57c 00000314 T _free_r
0011f890 00000294 T setvbuf
0011fb24 000000e4 T _sungetc_r
0011fc08 0000006c T __ssrefill_r
0011fc74 000000b4 T _sfread_r
0011fd28 0000001c t stdio_exit_handler
0011fd44 0000005c t cleanup_stdio
0011fda0 00000154 t global_stdio_init.part.0
0011fef4 00000138 T __sfp
0012002c 0000005c T __sinit
00120088 0000000c T __sfp_lock_acquire
00120094 0000000c T __sfp_lock_release
001200a0 00000384 t _strtol_l.part.0
00120424 0000006c T _strtol_r
00120490 00000084 T __libc_init_array
00120514 000000d4 T strncpy
001205e8 0000001c T _fseek_r
00120604 00000040 T malloc
00120644 00000020 T free
00120664 000000e8 T memchr
0012074c 00000098 T ferror
001207e4 000000e0 T _puts_r
001208c4 00000020 T puts
001208e4 000000dc T _findenv_r
001209c0 00000024 T _localeconv_r
001209e4 00000044 T __sread
00120a28 00000008 T __seofread
00120a30 00000068 T __swrite
00120a98 00000040 T __sseek
00120ad8 00000008 T __sclose
00120ae0 000001a8 T memmove
00120c88 000004f0 T _realloc_r
00121178 0000000c T __malloc_lock
00121184 0000000c T __malloc_unlock
00121190 00000588 T _fseeko_r
00121718 00000148 T _fclose_r
00121860 00000020 T fclose
00121880 00000004 W __call_exitprocs
00121884 00000030 T exit
001218b4 000005e0 t get_arg
00121e98 0000345c T _svfprintf_r
001252f4 000000b8 T __sflags
001253ac 00000028 T stat
001253d4 000000f8 T __utf8_wctomb
001254cc 0000003c T __libc_fini_array
00125508 0000003c T strnlen
00125544 000000d8 T strncmp
0012561c 00000070 T __match
0012568c 000002a8 T __hexnan
00125934 00000068 T sprintf
0012599c 00000020 T unlink
001259bc 00000038 t lflush
001259f4 000001a8 T __srefill_r
00125ba0 00000010 T nan
00125bb0 0000000c T nanf
00125bc0 00000088 T frexp
00125c48 000000dc T stpncpy
00125d24 0000000c T __env_lock
00125d30 0000000c T __env_unlock
00125d3c 0000005c T __assert_func
00125d98 00000008 T iswspace
00125da0 00000088 T _Balloc
00125e28 0000001c T _Bfree
00125e44 000000f4 T __multadd
00125f38 0000010c T __s2b
00126044 00000080 T __hi0bits
001260c4 000000f0 T __lo0bits
001261b4 000000a4 T __i2b
00126258 00000230 T __multiply
00126488 00000130 T __pow5mult
001265b8 00000138 T __lshift
001266f0 00000058 T __mcmp
00126748 00000218 T __mdiff
00126960 00000068 T __ulp
001269c8 000000d4 T __b2d
00126a9c 00000120 T __d2b
00126bbc 00000078 T __ratio
00126c34 0000008c T __copybits
00126cc0 0000005c T __any_on
00126d1c 00000070 T _fwalk_sglue
00126d8c 000005e0 t get_arg
00127370 00003554 T _vfprintf_r
0012a8c4 000000b4 t __sbprintf
0012a978 000000a0 T _wcrtomb_r
0012aa18 000000b8 T __submore
0012aad0 000000a4 T __ssprint_r
0012ab74 00000340 T __utf8_mbtowc
0012aeb4 0000003c T fiprintf
0012aef0 000004a4 T __sfvwrite_r
0012b394 0000009c T _raise_r
0012b430 00000020 T raise
0012b450 000000d8 T _calloc_r
0012b528 00000030 T __sprint_r
0012b558 000001c0 t quorem
0012b718 00001420 T _dtoa_r
0012cb38 00000028 T _wcsrtombs_r
0012cb60 00000140 T __swsetup_r
0012cca0 00000038 T iswspace_l
0012ccd8 0000012c T __ssputs_r
0012ce04 000005e0 t get_arg
0012d3e4 000022f8 T _vfiprintf_r
0012f6dc 000000b4 t __sbprintf
0012f790 0000015c T _wcsnrtombs_l
0012f8ec 00000064 T _wcsnrtombs_r
0012f950 00000090 T category
0012f9e0 00000020 T _exit
0012fa00 00000140 T chdir
0012fb40 000001c8 T _concatenate_path
0012fd08 00000070 t __dirnext
0012fd78 00000114 T opendir
0012fe8c 00000098 T closedir
0012ff24 000000f8 T readdir_r
0013001c 00000048 T readdir
00130064 0000009c T _fstat_r
00130100 00000014 T _getpid_r
00130114 0000002c T __getreent
00130140 000000a0 T __release_handle
001301e0 000000b0 T __alloc_handle
00130290 00000058 T __get_handle
001302e8 00000110 T _close_r
001303f8 00000008 t null_write
00130400 00000018 T setDefaultDevice
00130418 00000098 T FindDevice
001304b0 00000024 T RemoveDevice
001304d4 00000088 T AddDevice
0013055c 00000020 T GetDeviceOpTab
0013057c 00000008 T _isatty_r
00130584 00000014 T _kill_r
00130598 00000094 T _lseek_r
0013062c 00000068 T mkdir
00130694 00000060 T pthread_mutex_lock
001306f4 00000060 T pthread_mutex_unlock
00130754 00000034 T pthread_key_create
00130788 00000024 T pthread_setspecific
001307ac 00000024 T pthread_getspecific
001307d0 00000024 T pthread_key_delete
001307f4 000000c0 T _open_r
001308b4 00000094 T _read_r
00130948 0000007c T _rmdir_r
001309c4 00000020 T rmdir
001309e4 00000078 W _sbrk_r
00130a5c 00000080 T _stat_r
00130adc 0000001c T __libc_lock_acquire
00130af8 0000001c T __libc_lock_release
00130b14 0000001c T __libc_lock_acquire_recursive
00130b30 0000001c T __libc_lock_release_recursive
00130b4c 00000078 T _unlink_r
00130bc4 00000094 T _write_r
00130c58 00000048 T strrchr
00130ca0 T _fini
00131014 00000002 r C.21.0
0013122c r .LC51
0013161c r .LC94
00131c24 r .LC2
00131c9c 00000100 V sha256(std::vector<unsigned char, std::allocator<unsigned char> > const&)::k
00131d9c 00000030 r error_table
00131dcc 00000080 r archive_devoptab
00132090 00000080 r dotab_stdout
00132110 00000018 r grayScale
00132128 00000006 r colorCube
00132130 00000030 r colorTable
0013217c 00000008 r morton_y.2
00132184 00000008 r morton_x.3
0013218c 00000008 r s_sleepWakeEvents.4
00132194 0000000c r serviceNameTable.5
001321a0 0000004d r _net_error_code_map
001321f0 R default_font_bin
001329f0 00000022 R typeinfo name for __cxxabiv1::__class_type_info
001329f0 R default_font_bin_end
00132a14 0000000c R typeinfo for __cxxabiv1::__class_type_info
00132a20 0000002c R vtable for __cxxabiv1::__class_type_info
00132a4c 00000027 V typeinfo name for __gnu_cxx::__concurrence_lock_error
00132a74 0000000c V typeinfo for __gnu_cxx::__concurrence_lock_error
00132a80 00000029 V typeinfo name for __gnu_cxx::__concurrence_unlock_error
00132aac 0000000c V typeinfo for __gnu_cxx::__concurrence_unlock_error
00132ab8 00000014 V vtable for __gnu_cxx::__concurrence_lock_error
00132acc 00000014 V vtable for __gnu_cxx::__concurrence_unlock_error
00132ae0 0000000d R typeinfo name for std::exception
00132af0 00000008 R typeinfo for std::exception
00132af8 00000012 R typeinfo name for std::bad_exception
00132b0c 0000000c R typeinfo for std::bad_exception
00132b18 00000020 R typeinfo name for __cxxabiv1::__forced_unwind
00132b38 00000008 R typeinfo for __cxxabiv1::__forced_unwind
00132b40 00000024 R typeinfo name for __cxxabiv1::__foreign_exception
00132b64 00000008 R typeinfo for __cxxabiv1::__foreign_exception
00132b6c 00000014 R vtable for std::bad_exception
00132b94 00000025 R typeinfo name for __cxxabiv1::__si_class_type_info
00132bbc 0000000c R typeinfo for __cxxabiv1::__si_class_type_info
00132bc8 0000002c R vtable for __cxxabiv1::__si_class_type_info
00132bf4 0000000d R typeinfo name for std::type_info
00132c04 00000008 R typeinfo for std::type_info
00132c0c 00000010 R typeinfo name for std::logic_error
00132c1c 0000000c R typeinfo for std::logic_error
00132c28 00000011 R typeinfo name for std::length_error
00132c3c 0000000c R typeinfo for std::length_error
00132c48 00000011 R typeinfo name for std::out_of_range
00132c5c 0000000c R typeinfo for std::out_of_range
00132c68 00000012 R typeinfo name for std::runtime_error
00132c7c 0000000c R typeinfo for std::runtime_error
00132c88 00000014 R vtable for std::logic_error
00132c9c 00000014 R vtable for std::length_error
00132cb0 00000014 R vtable for std::out_of_range
00132cc4 00000014 R vtable for std::runtime_error
00132cd8 0000000d R typeinfo name for std::bad_alloc
00132ce8 0000000c R typeinfo for std::bad_alloc
00132cf4 00000014 R vtable for std::bad_alloc
00132e74 00000022 r basefix.0
00132ef8 00000014 r fpinan.0
00132f0c 00000014 r fpi.1
00132f20 00000028 r tinytens
00132f48 00000100 R __hexdig
00133134 00000010 r zeroes.0
00133144 00000010 r blanks.1
00133154 00000101 R _ctype_
00133258 0000000c r p05.0
00133268 00000028 R __mprec_bigtens
00133290 000000c8 R __mprec_tens
00133444 00000010 r zeroes.0
00133454 00000010 r blanks.1
00133464 0000006c R __action_table
001334d0 0000006c R __state_table
0013353c 00000100 R __chclass
00133730 00000010 r zeroes.0
00133740 00000010 r blanks.1
00133750 000037f8 r categories
00136f48 00000080 R dotab_stdnull
00136fc8 R __tdata_align
00136fcc r __EH_FRAME_BEGIN__
001379ac R __exidx_start
00137ccc R __exidx_end
00138000 00000001 d firstConsoleInit.0
00138004 00000004 D currentConsole
00138008 00000048 D defaultConsole
00138050 00000004 d aptChainloadDeliverArgSize
00138054 00000004 d kCount
00138058 00000004 d kInterval
0013805c 00000004 d kDelay
00138060 00000080 d soc_devoptab
001380e0 W __stacksize__
001380e4 00000004 D __cxxabiv1::__unexpected_handler
001380e8 00000004 D __cxxabiv1::__terminate_handler
001380ec 00000004 D _impure_ptr
001380f0 00000200 D _impure_data
001382f0 00000254 D __global_locale
00138544 00000004 D __malloc_sbrk_base
00138548 00000004 D __malloc_trim_threshold
00138550 00000408 D __malloc_av_
00138958 0000000c D __sglue
00138964 00000004 D environ
00138968 00000400 d _current_working_directory
00138d68 00001000 d handles
00139d68 0000000c d __stderr_handle
00139d74 0000000c d __stdout_handle
00139d80 0000000c d __stdin_handle
00139d8c 0000008c D devoptab_list
00139e18 00000004 d defaultDevice
00139e24 d _GLOBAL_OFFSET_TABLE_
00139e30 d __frame_dummy_init_array_entry
00139e30 D __init_array_start
00139e30 B __preinit_array_end
00139e30 B __preinit_array_start
00139e30 D __tdata_lma
00139e30 D __tdata_lma_end
00139e40 d __do_global_dtors_aux_fini_array_entry
00139e40 D __fini_array_start
00139e40 D __init_array_end
00139e50 00000018 b BASE
00139e50 D __bss_start__
00139e50 D __fini_array_end
00139e68 0000000c B catalog
00139e74 00000001 B locked
00139e78 00000018 B pin[abi:cxx11]
00139e90 00000004 B authFailures
00139e94 b completed.1
00139e98 b object.0
00139eb0 000005c0 b archive_devices
0013a470 00000004 b archive_device_cwd
0013a474 00000001 b archive_initialized
0013a478 00000064 b escapeSeq
0013a4dc 00000048 B currentCopy
0013a524 00000004 b screenAlloc
0013a528 00000004 b screenFree
0013a52c 00000002 b gfxIsDoubleBuf
0013a530 00000002 b gfxCurBuf
0013a532 00000001 b gfxIsVram
0013a533 00000001 b gfxTopMode
0013a534 00000002 b gfxFramebufferFormats
0013a538 00000004 b gfxBottomFramebufferMaxSize
0013a53c 00000004 b gfxTopFramebufferMaxSize
0013a540 00000008 b gfxBottomFramebuffers
0013a548 00000008 b gfxTopFramebuffers
0013a550 00000001 V __ctru_speedup
0013a554 00000004 b acRefCount
0013a558 00000004 b acHandle
0013a55c 00000004 b amRefCount
0013a560 00000004 b amHandle
0013a564 00000001 b flagValue.0
0013a565 00000001 b flagInit.1
0013a568 00000004 b serviceName.6
0013a56c 00000001 b aptChainloadFlags
0013a56d 00000001 b aptChainloadMediatype
0013a570 00000020 b aptChainloadHmac
0013a590 00000300 b aptChainloadDeliverArg
0013a890 00000008 b aptChainloadTid
0013a898 00001000 b aptParameters
0013b898 00000004 b aptFlags
0013b89c 00000001 b aptHomeButtonState
0013b8a0 00000004 b aptMessageFuncData
0013b8a4 00000004 b aptMessageFunc
0013b8a8 0000000c b aptFirstHook
0013b8b4 00000001 b aptEventHandlerThreadQuit
0013b8b8 00000004 b aptEventHandlerThread
0013b8bc 00000008 b aptSleepEvent
0013b8c4 00000008 b aptReceiveEvent
0013b8cc 00000008 b aptEvents
0013b8d4 00000004 b aptLockHandle
0013b8d8 00000004 b aptRefCount
0013b8e0 00000080 b fsExemptArchives
0013b960 00000004 b fsuRefCount
0013b964 00000004 b fsuHandle
0013b968 00000007 b gspEventCbOneShot
0013b970 0000001c b gspEventCbData
0013b98c 0000001c b gspEventCb
0013b9a8 00000038 b gspEvents
0013b9e0 00000004 b gspLastEvent
0013b9e4 00000001 b gspRunEvents
0013b9e8 00000004 b gspEventThread
0013b9ec 00000004 b gspEvent
0013b9f0 00000001 b gspGpuRight
0013b9f1 00000001 b gspThreadId
0013b9f4 00000004 b gspSharedMem
0013b9f8 00000004 b gspSharedMemHandle
0013b9fc 00000004 b gspRefCount
0013ba00 00000004 b gspGpuHandle
0013ba04 00000001 b usingIrrst
0013ba08 00000004 b hidRefCount
0013ba0c 00000006 b gRate
0013ba14 00000006 b aVec
0013ba1c 00000004 b cPos
0013ba20 00000004 b tPos
0013ba24 00000004 b kRepeat
0013ba28 00000004 b kUp
0013ba2c 00000004 b kDown
0013ba30 00000004 b kHeld
0013ba34 00000004 b kOld
0013ba38 00000004 B hidSharedMem
0013ba3c 00000014 B hidEvents
0013ba50 00000004 B hidMemHandle
0013ba54 00000004 B hidHandle
0013ba58 00000004 b irrstRefCount
0013ba5c 00000004 b csPos
0013ba60 00000004 b kHeld
0013ba64 00000004 B irrstSharedMem
0013ba68 00000004 B irrstEvent
0013ba6c 00000004 B irrstMemHandle
0013ba70 00000004 B irrstHandle
0013ba74 00000004 b psRefCount
0013ba78 00000004 b psHandle
0013ba7c 00000004 b ptmSysmRefCount
0013ba80 00000004 b ptmSysmHandle
0013ba84 00000004 B socMemhandle
0013ba88 00000004 B SOCU_handle
0013ba8c 00000010 b buffer
0013ba9c 00000004 B __system_retAddr
0013baa0 00000004 B __system_argv
0013baa4 00000004 B __system_argc
0013baa8 b saved_stack
0013bab0 00000008 b sLinearPool
0013bab8 0000000c b sAddrMap
0013bac8 00000008 b sVramPoolB
0013bad0 00000008 b sVramPoolA
0013bad8 0000000c b sAddrMap
0013bae4 00000004 B __3dslink_host
0013bae8 00000004 b srvRefCount
0013baec 00000004 b srvHandle
0013baf0 00000004 b arbiter
0013baf4 00000004 b currentAddr
0013baf8 00000004 b maxAddr
0013bafc 00000004 b minAddr
0013bb00 00000004 b srvPmHandle
0013bb04 00000004 V __ctru_linear_heap_size
0013bb08 00000004 V __ctru_heap_size
0013bb0c 00000004 B __ctru_linear_heap
0013bb10 00000004 B __ctru_heap
0013bb18 0000001c b (anonymous namespace)::emergency_pool
0013bb34 00000004 b init
0013bb38 00000001 B __eh_globals_init::_S_init
0013bb3c 0000000c b (anonymous namespace)::eh_globals
0013bb48 00000010 V std::string::_Rep::_S_empty_rep_storage
0013bb58 00000004 b (anonymous namespace)::__new_handler
0013bb5c 00000028 B __malloc_current_mallinfo
0013bb84 00000004 B __malloc_max_total_mem
0013bb88 00000004 B __malloc_max_sbrked_mem
0013bb8c 00000004 B __malloc_top_pad
0013bb90 0000000c b __sfp_recursive_mutex
0013bba0 00000168 B __sf
0013bd08 00000004 B __stdio_exit_handler
0013bd0c 0000000c b __malloc_recursive_mutex
0013bd18 0000000c b __env_recursive_mutex
0013bd24 00000004 b initial_env
0013bd28 00000400 b temp_cwd
0013c128 00000004 b __hndl_lock
0013c12c 00000004 B fake_heap_start
0013c130 00000004 B fake_heap_end
0013c134 00000004 b heap_start.0
0013c138 B __tls_start
0013cd40 B __bss_end__
0013cd40 A __end__
0013cd40 B __tls_end
